// Jest Snapshot v1, https://goo.gl/fbAQLP

exports[`calendar view (initial rendering) initial render snapshot: calendar-grid-cell-order 1`] = `
Object {
  "gridKeys": Array [
    "0-blank",
    "1-blank",
    "2-blank",
    "3-day",
    "4-day",
    "5-day",
    "6-day",
    "7-day",
    "8-day",
    "9-day",
    "10-day",
    "11-day",
    "12-day",
    "13-day",
    "14-day",
    "15-day",
    "16-day",
    "17-day",
    "18-day",
    "19-day",
    "20-day",
    "21-day",
    "22-day",
    "23-day",
    "24-day",
    "25-day",
    "26-day",
    "27-day",
    "28-day",
    "29-day",
    "30-day",
    "31-day",
    "32-day",
    "33-day",
    "34-blank",
  ],
  "month": "2021-12",
}
`;

exports[`calendar view (initial rendering) initial render snapshot: calendar-view 1`] = `
<DocumentFragment>
  <div
    class="js-calendar-month-selector css-1gm041l-MuiStack-root"
  >
    <button
      class="MuiButtonBase-root MuiIconButton-root MuiIconButton-sizeMedium css-21337a-MuiButtonBase-root-MuiIconButton-root"
      data-testid="calendar-month-selector-previous"
      tabindex="0"
      type="button"
    >
      <svg
        aria-hidden="true"
        class="MuiSvgIcon-root MuiSvgIcon-fontSizeMedium css-i4bv87-MuiSvgIcon-root"
        data-testid="ArrowLeftIcon"
        focusable="false"
        viewBox="0 0 24 24"
      >
        <path
          d="m14 7-5 5 5 5V7z"
        />
      </svg>
      <span
        class="MuiTouchRipple-root css-8je8zh-MuiTouchRipple-root"
      />
    </button>
    <button
      class="MuiButtonBase-root MuiIconButton-root MuiIconButton-sizeMedium css-21337a-MuiButtonBase-root-MuiIconButton-root"
      data-testid="calendar-month-selector-next"
      tabindex="0"
      type="button"
    >
      <svg
        aria-hidden="true"
        class="MuiSvgIcon-root MuiSvgIcon-fontSizeMedium css-i4bv87-MuiSvgIcon-root"
        data-testid="ArrowRightIcon"
        focusable="false"
        viewBox="0 0 24 24"
      >
        <path
          d="m10 17 5-5-5-5v10z"
        />
      </svg>
      <span
        class="MuiTouchRipple-root css-8je8zh-MuiTouchRipple-root"
      />
    </button>
    <div
      class="MuiFormControl-root MuiTextField-root css-1i6u4pb-MuiFormControl-root-MuiTextField-root"
    >
      <div
        class="MuiFilledInput-root MuiFilledInput-underline MuiInputBase-root MuiInputBase-colorPrimary MuiInputBase-formControl css-cio0x1-MuiInputBase-root-MuiFilledInput-root"
      >
        <input
          aria-invalid="false"
          class="MuiFilledInput-input MuiInputBase-input css-10botns-MuiInputBase-input-MuiFilledInput-input"
          data-testid="calendar-month-selector-date"
          id="mui-1"
          type="month"
          value="2021-12"
        />
      </div>
    </div>
  </div>
  <div
    class="MuiBox-root css-0"
  >
    <div
      class="MuiGrid-root MuiGrid-container MuiGrid-spacing-xs-undefined css-11lq3yg-MuiGrid-root"
    >
      <div
        class="MuiGrid-root MuiGrid-item MuiGrid-grid-xs-true css-4jz4pb-MuiGrid-root"
      >
        <div
          class="MuiPaper-root MuiPaper-elevation MuiPaper-rounded MuiPaper-elevation1 css-12vemgy-MuiPaper-root"
        >
          <p
            class="MuiTypography-root MuiTypography-body2 css-e784if-MuiTypography-root"
          >
            Sunday
          </p>
        </div>
      </div>
      <div
        class="MuiGrid-root MuiGrid-item MuiGrid-grid-xs-true css-4jz4pb-MuiGrid-root"
      >
        <div
          class="MuiPaper-root MuiPaper-elevation MuiPaper-rounded MuiPaper-elevation1 css-12vemgy-MuiPaper-root"
        >
          <p
            class="MuiTypography-root MuiTypography-body2 css-e784if-MuiTypography-root"
          >
            Monday
          </p>
        </div>
      </div>
      <div
        class="MuiGrid-root MuiGrid-item MuiGrid-grid-xs-true css-4jz4pb-MuiGrid-root"
      >
        <div
          class="MuiPaper-root MuiPaper-elevation MuiPaper-rounded MuiPaper-elevation1 css-12vemgy-MuiPaper-root"
        >
          <p
            class="MuiTypography-root MuiTypography-body2 css-e784if-MuiTypography-root"
          >
            Tuesday
          </p>
        </div>
      </div>
      <div
        class="MuiGrid-root MuiGrid-item MuiGrid-grid-xs-true css-4jz4pb-MuiGrid-root"
      >
        <div
          class="MuiPaper-root MuiPaper-elevation MuiPaper-rounded MuiPaper-elevation1 css-12vemgy-MuiPaper-root"
        >
          <p
            class="MuiTypography-root MuiTypography-body2 css-e784if-MuiTypography-root"
          >
            Wednesday
          </p>
        </div>
      </div>
      <div
        class="MuiGrid-root MuiGrid-item MuiGrid-grid-xs-true css-4jz4pb-MuiGrid-root"
      >
        <div
          class="MuiPaper-root MuiPaper-elevation MuiPaper-rounded MuiPaper-elevation1 css-12vemgy-MuiPaper-root"
        >
          <p
            class="MuiTypography-root MuiTypography-body2 css-e784if-MuiTypography-root"
          >
            Thursday
          </p>
        </div>
      </div>
      <div
        class="MuiGrid-root MuiGrid-item MuiGrid-grid-xs-true css-4jz4pb-MuiGrid-root"
      >
        <div
          class="MuiPaper-root MuiPaper-elevation MuiPaper-rounded MuiPaper-elevation1 css-12vemgy-MuiPaper-root"
        >
          <p
            class="MuiTypography-root MuiTypography-body2 css-e784if-MuiTypography-root"
          >
            Friday
          </p>
        </div>
      </div>
      <div
        class="MuiGrid-root MuiGrid-item MuiGrid-grid-xs-true css-4jz4pb-MuiGrid-root"
      >
        <div
          class="MuiPaper-root MuiPaper-elevation MuiPaper-rounded MuiPaper-elevation1 css-12vemgy-MuiPaper-root"
        >
          <p
            class="MuiTypography-root MuiTypography-body2 css-e784if-MuiTypography-root"
          >
            Saturday
          </p>
        </div>
      </div>
    </div>
    <div
      class="MuiGrid-root MuiGrid-container MuiGrid-spacing-xs-undefined js-calendar-grid css-1mgqnd8-MuiGrid-root"
    >
      <div
        class="MuiGrid-root MuiGrid-item css-gb5jgv-MuiGrid-root"
        data-key="0-blank"
        data-testid="calendar-grid-cell"
      >
        <div
          class="MuiPaper-root MuiPaper-elevation MuiPaper-rounded MuiPaper-elevation1 css-1d2wso9-MuiPaper-root"
        />
      </div>
      <div
        class="MuiGrid-root MuiGrid-item css-16r9n82-MuiGrid-root"
        data-key="1-blank"
        data-testid="calendar-grid-cell"
      >
        <div
          class="MuiPaper-root MuiPaper-elevation MuiPaper-rounded MuiPaper-elevation1 css-1d2wso9-MuiPaper-root"
        />
      </div>
      <div
        class="MuiGrid-root MuiGrid-item css-16r9n82-MuiGrid-root"
        data-key="2-blank"
        data-testid="calendar-grid-cell"
      >
        <div
          class="MuiPaper-root MuiPaper-elevation MuiPaper-rounded MuiPaper-elevation1 css-1d2wso9-MuiPaper-root"
        />
      </div>
      <div
        class="MuiGrid-root MuiGrid-item css-nz5hsm-MuiGrid-root"
        data-key="3-day"
        data-testid="calendar-grid-cell"
      >
        <div
          class="MuiPaper-root MuiPaper-elevation MuiPaper-rounded MuiPaper-elevation1 css-1d2wso9-MuiPaper-root"
        >
          <div>
            <p
              class="MuiTypography-root MuiTypography-body2 css-e784if-MuiTypography-root"
            >
              1
            </p>
            <ul
              class="MuiList-root MuiList-padding MuiList-dense css-1avjo2e-MuiList-root"
            >
              <div
                class="MuiListItemButton-root MuiListItemButton-dense MuiListItemButton-gutters MuiButtonBase-root css-vpapd3-MuiButtonBase-root-MuiListItemButton-root"
                data-testid="calendar-add-reminder-button"
                role="button"
                tabindex="0"
                title="Add Reminder"
              >
                <div
                  class="MuiListItemText-root MuiListItemText-dense css-tlelie-MuiListItemText-root"
                >
                  <span
                    class="MuiTypography-root MuiTypography-body2 MuiListItemText-primary css-et1ao3-MuiTypography-root"
                  >
                    ➕
                  </span>
                </div>
                <span
                  class="MuiTouchRipple-root css-8je8zh-MuiTouchRipple-root"
                />
              </div>
            </ul>
          </div>
        </div>
      </div>
      <div
        class="MuiGrid-root MuiGrid-item css-nz5hsm-MuiGrid-root"
        data-key="4-day"
        data-testid="calendar-grid-cell"
      >
        <div
          class="MuiPaper-root MuiPaper-elevation MuiPaper-rounded MuiPaper-elevation1 css-1d2wso9-MuiPaper-root"
        >
          <div>
            <p
              class="MuiTypography-root MuiTypography-body2 css-e784if-MuiTypography-root"
            >
              2
            </p>
            <ul
              class="MuiList-root MuiList-padding MuiList-dense css-1avjo2e-MuiList-root"
            >
              <div
                class="MuiListItemButton-root MuiListItemButton-dense MuiListItemButton-gutters MuiButtonBase-root css-vpapd3-MuiButtonBase-root-MuiListItemButton-root"
                data-testid="calendar-add-reminder-button"
                role="button"
                tabindex="0"
                title="Add Reminder"
              >
                <div
                  class="MuiListItemText-root MuiListItemText-dense css-tlelie-MuiListItemText-root"
                >
                  <span
                    class="MuiTypography-root MuiTypography-body2 MuiListItemText-primary css-et1ao3-MuiTypography-root"
                  >
                    ➕
                  </span>
                </div>
                <span
                  class="MuiTouchRipple-root css-8je8zh-MuiTouchRipple-root"
                />
              </div>
            </ul>
          </div>
        </div>
      </div>
      <div
        class="MuiGrid-root MuiGrid-item css-nz5hsm-MuiGrid-root"
        data-key="5-day"
        data-testid="calendar-grid-cell"
      >
        <div
          class="MuiPaper-root MuiPaper-elevation MuiPaper-rounded MuiPaper-elevation1 css-1d2wso9-MuiPaper-root"
        >
          <div>
            <p
              class="MuiTypography-root MuiTypography-body2 css-e784if-MuiTypography-root"
            >
              3
            </p>
            <ul
              class="MuiList-root MuiList-padding MuiList-dense css-1avjo2e-MuiList-root"
            >
              <div
                class="MuiListItemButton-root MuiListItemButton-dense MuiListItemButton-gutters MuiButtonBase-root css-vpapd3-MuiButtonBase-root-MuiListItemButton-root"
                data-testid="calendar-add-reminder-button"
                role="button"
                tabindex="0"
                title="Add Reminder"
              >
                <div
                  class="MuiListItemText-root MuiListItemText-dense css-tlelie-MuiListItemText-root"
                >
                  <span
                    class="MuiTypography-root MuiTypography-body2 MuiListItemText-primary css-et1ao3-MuiTypography-root"
                  >
                    ➕
                  </span>
                </div>
                <span
                  class="MuiTouchRipple-root css-8je8zh-MuiTouchRipple-root"
                />
              </div>
            </ul>
          </div>
        </div>
      </div>
      <div
        class="MuiGrid-root MuiGrid-item css-1vcwgot-MuiGrid-root"
        data-key="6-day"
        data-testid="calendar-grid-cell"
      >
        <div
          class="MuiPaper-root MuiPaper-elevation MuiPaper-rounded MuiPaper-elevation1 css-1d2wso9-MuiPaper-root"
        >
          <div>
            <p
              class="MuiTypography-root MuiTypography-body2 css-e784if-MuiTypography-root"
            >
              4
            </p>
            <ul
              class="MuiList-root MuiList-padding MuiList-dense css-1avjo2e-MuiList-root"
            >
              <div
                class="MuiListItemButton-root MuiListItemButton-dense MuiListItemButton-gutters MuiButtonBase-root css-vpapd3-MuiButtonBase-root-MuiListItemButton-root"
                data-testid="calendar-add-reminder-button"
                role="button"
                tabindex="0"
                title="Add Reminder"
              >
                <div
                  class="MuiListItemText-root MuiListItemText-dense css-tlelie-MuiListItemText-root"
                >
                  <span
                    class="MuiTypography-root MuiTypography-body2 MuiListItemText-primary css-et1ao3-MuiTypography-root"
                  >
                    ➕
                  </span>
                </div>
                <span
                  class="MuiTouchRipple-root css-8je8zh-MuiTouchRipple-root"
                />
              </div>
            </ul>
          </div>
        </div>
      </div>
      <div
        class="MuiGrid-root MuiGrid-item css-1vcwgot-MuiGrid-root"
        data-key="7-day"
        data-testid="calendar-grid-cell"
      >
        <div
          class="MuiPaper-root MuiPaper-elevation MuiPaper-rounded MuiPaper-elevation1 css-1d2wso9-MuiPaper-root"
        >
          <div>
            <p
              class="MuiTypography-root MuiTypography-body2 css-e784if-MuiTypography-root"
            >
              5
            </p>
            <ul
              class="MuiList-root MuiList-padding MuiList-dense css-1avjo2e-MuiList-root"
            >
              <div
                class="MuiListItemButton-root MuiListItemButton-dense MuiListItemButton-gutters MuiButtonBase-root css-vpapd3-MuiButtonBase-root-MuiListItemButton-root"
                data-testid="calendar-add-reminder-button"
                role="button"
                tabindex="0"
                title="Add Reminder"
              >
                <div
                  class="MuiListItemText-root MuiListItemText-dense css-tlelie-MuiListItemText-root"
                >
                  <span
                    class="MuiTypography-root MuiTypography-body2 MuiListItemText-primary css-et1ao3-MuiTypography-root"
                  >
                    ➕
                  </span>
                </div>
                <span
                  class="MuiTouchRipple-root css-8je8zh-MuiTouchRipple-root"
                />
              </div>
            </ul>
          </div>
        </div>
      </div>
      <div
        class="MuiGrid-root MuiGrid-item css-nz5hsm-MuiGrid-root"
        data-key="8-day"
        data-testid="calendar-grid-cell"
      >
        <div
          class="MuiPaper-root MuiPaper-elevation MuiPaper-rounded MuiPaper-elevation1 css-1d2wso9-MuiPaper-root"
        >
          <div>
            <p
              class="MuiTypography-root MuiTypography-body2 css-e784if-MuiTypography-root"
            >
              6
            </p>
            <ul
              class="MuiList-root MuiList-padding MuiList-dense css-1avjo2e-MuiList-root"
            >
              <div
                class="MuiListItemButton-root MuiListItemButton-dense MuiListItemButton-gutters MuiButtonBase-root css-vpapd3-MuiButtonBase-root-MuiListItemButton-root"
                data-testid="calendar-add-reminder-button"
                role="button"
                tabindex="0"
                title="Add Reminder"
              >
                <div
                  class="MuiListItemText-root MuiListItemText-dense css-tlelie-MuiListItemText-root"
                >
                  <span
                    class="MuiTypography-root MuiTypography-body2 MuiListItemText-primary css-et1ao3-MuiTypography-root"
                  >
                    ➕
                  </span>
                </div>
                <span
                  class="MuiTouchRipple-root css-8je8zh-MuiTouchRipple-root"
                />
              </div>
            </ul>
          </div>
        </div>
      </div>
      <div
        class="MuiGrid-root MuiGrid-item css-nz5hsm-MuiGrid-root"
        data-key="9-day"
        data-testid="calendar-grid-cell"
      >
        <div
          class="MuiPaper-root MuiPaper-elevation MuiPaper-rounded MuiPaper-elevation1 css-1d2wso9-MuiPaper-root"
        >
          <div>
            <p
              class="MuiTypography-root MuiTypography-body2 css-e784if-MuiTypography-root"
            >
              7
            </p>
            <ul
              class="MuiList-root MuiList-padding MuiList-dense css-1avjo2e-MuiList-root"
            >
              <div
                class="MuiListItemButton-root MuiListItemButton-dense MuiListItemButton-gutters MuiButtonBase-root css-vpapd3-MuiButtonBase-root-MuiListItemButton-root"
                data-testid="calendar-add-reminder-button"
                role="button"
                tabindex="0"
                title="Add Reminder"
              >
                <div
                  class="MuiListItemText-root MuiListItemText-dense css-tlelie-MuiListItemText-root"
                >
                  <span
                    class="MuiTypography-root MuiTypography-body2 MuiListItemText-primary css-et1ao3-MuiTypography-root"
                  >
                    ➕
                  </span>
                </div>
                <span
                  class="MuiTouchRipple-root css-8je8zh-MuiTouchRipple-root"
                />
              </div>
            </ul>
          </div>
        </div>
      </div>
      <div
        class="MuiGrid-root MuiGrid-item css-nz5hsm-MuiGrid-root"
        data-key="10-day"
        data-testid="calendar-grid-cell"
      >
        <div
          class="MuiPaper-root MuiPaper-elevation MuiPaper-rounded MuiPaper-elevation1 css-1d2wso9-MuiPaper-root"
        >
          <div>
            <p
              class="MuiTypography-root MuiTypography-body2 css-e784if-MuiTypography-root"
            >
              8
            </p>
            <ul
              class="MuiList-root MuiList-padding MuiList-dense css-1avjo2e-MuiList-root"
            >
              <div
                class="MuiListItemButton-root MuiListItemButton-dense MuiListItemButton-gutters MuiButtonBase-root css-vpapd3-MuiButtonBase-root-MuiListItemButton-root"
                data-testid="calendar-add-reminder-button"
                role="button"
                tabindex="0"
                title="Add Reminder"
              >
                <div
                  class="MuiListItemText-root MuiListItemText-dense css-tlelie-MuiListItemText-root"
                >
                  <span
                    class="MuiTypography-root MuiTypography-body2 MuiListItemText-primary css-et1ao3-MuiTypography-root"
                  >
                    ➕
                  </span>
                </div>
                <span
                  class="MuiTouchRipple-root css-8je8zh-MuiTouchRipple-root"
                />
              </div>
            </ul>
          </div>
        </div>
      </div>
      <div
        class="MuiGrid-root MuiGrid-item css-nz5hsm-MuiGrid-root"
        data-key="11-day"
        data-testid="calendar-grid-cell"
      >
        <div
          class="MuiPaper-root MuiPaper-elevation MuiPaper-rounded MuiPaper-elevation1 css-1d2wso9-MuiPaper-root"
        >
          <div>
            <p
              class="MuiTypography-root MuiTypography-body2 css-e784if-MuiTypography-root"
            >
              9
            </p>
            <ul
              class="MuiList-root MuiList-padding MuiList-dense css-1avjo2e-MuiList-root"
            >
              <div
                class="MuiListItemButton-root MuiListItemButton-dense MuiListItemButton-gutters MuiButtonBase-root css-vpapd3-MuiButtonBase-root-MuiListItemButton-root"
                data-testid="calendar-add-reminder-button"
                role="button"
                tabindex="0"
                title="Add Reminder"
              >
                <div
                  class="MuiListItemText-root MuiListItemText-dense css-tlelie-MuiListItemText-root"
                >
                  <span
                    class="MuiTypography-root MuiTypography-body2 MuiListItemText-primary css-et1ao3-MuiTypography-root"
                  >
                    ➕
                  </span>
                </div>
                <span
                  class="MuiTouchRipple-root css-8je8zh-MuiTouchRipple-root"
                />
              </div>
            </ul>
          </div>
        </div>
      </div>
      <div
        class="MuiGrid-root MuiGrid-item css-nz5hsm-MuiGrid-root"
        data-key="12-day"
        data-testid="calendar-grid-cell"
      >
        <div
          class="MuiPaper-root MuiPaper-elevation MuiPaper-rounded MuiPaper-elevation1 css-1d2wso9-MuiPaper-root"
        >
          <div>
            <p
              class="MuiTypography-root MuiTypography-body2 css-e784if-MuiTypography-root"
            >
              10
            </p>
            <ul
              class="MuiList-root MuiList-padding MuiList-dense css-1avjo2e-MuiList-root"
            >
              <div
                class="MuiListItemButton-root MuiListItemButton-dense MuiListItemButton-gutters MuiButtonBase-root css-vpapd3-MuiButtonBase-root-MuiListItemButton-root"
                data-testid="calendar-add-reminder-button"
                role="button"
                tabindex="0"
                title="Add Reminder"
              >
                <div
                  class="MuiListItemText-root MuiListItemText-dense css-tlelie-MuiListItemText-root"
                >
                  <span
                    class="MuiTypography-root MuiTypography-body2 MuiListItemText-primary css-et1ao3-MuiTypography-root"
                  >
                    ➕
                  </span>
                </div>
                <span
                  class="MuiTouchRipple-root css-8je8zh-MuiTouchRipple-root"
                />
              </div>
            </ul>
          </div>
        </div>
      </div>
      <div
        class="MuiGrid-root MuiGrid-item css-1vcwgot-MuiGrid-root"
        data-key="13-day"
        data-testid="calendar-grid-cell"
      >
        <div
          class="MuiPaper-root MuiPaper-elevation MuiPaper-rounded MuiPaper-elevation1 css-1d2wso9-MuiPaper-root"
        >
          <div>
            <p
              class="MuiTypography-root MuiTypography-body2 css-e784if-MuiTypography-root"
            >
              11
            </p>
            <ul
              class="MuiList-root MuiList-padding MuiList-dense css-1avjo2e-MuiList-root"
            >
              <div
                class="MuiListItemButton-root MuiListItemButton-dense MuiListItemButton-gutters MuiButtonBase-root css-vpapd3-MuiButtonBase-root-MuiListItemButton-root"
                data-testid="calendar-add-reminder-button"
                role="button"
                tabindex="0"
                title="Add Reminder"
              >
                <div
                  class="MuiListItemText-root MuiListItemText-dense css-tlelie-MuiListItemText-root"
                >
                  <span
                    class="MuiTypography-root MuiTypography-body2 MuiListItemText-primary css-et1ao3-MuiTypography-root"
                  >
                    ➕
                  </span>
                </div>
                <span
                  class="MuiTouchRipple-root css-8je8zh-MuiTouchRipple-root"
                />
              </div>
            </ul>
          </div>
        </div>
      </div>
      <div
        class="MuiGrid-root MuiGrid-item css-1vcwgot-MuiGrid-root"
        data-key="14-day"
        data-testid="calendar-grid-cell"
      >
        <div
          class="MuiPaper-root MuiPaper-elevation MuiPaper-rounded MuiPaper-elevation1 css-1d2wso9-MuiPaper-root"
        >
          <div>
            <p
              class="MuiTypography-root MuiTypography-body2 css-e784if-MuiTypography-root"
            >
              12
            </p>
            <ul
              class="MuiList-root MuiList-padding MuiList-dense css-1avjo2e-MuiList-root"
            >
              <div
                class="MuiListItemButton-root MuiListItemButton-dense MuiListItemButton-gutters MuiButtonBase-root css-vpapd3-MuiButtonBase-root-MuiListItemButton-root"
                data-testid="calendar-add-reminder-button"
                role="button"
                tabindex="0"
                title="Add Reminder"
              >
                <div
                  class="MuiListItemText-root MuiListItemText-dense css-tlelie-MuiListItemText-root"
                >
                  <span
                    class="MuiTypography-root MuiTypography-body2 MuiListItemText-primary css-et1ao3-MuiTypography-root"
                  >
                    ➕
                  </span>
                </div>
                <span
                  class="MuiTouchRipple-root css-8je8zh-MuiTouchRipple-root"
                />
              </div>
            </ul>
          </div>
        </div>
      </div>
      <div
        class="MuiGrid-root MuiGrid-item css-nz5hsm-MuiGrid-root"
        data-key="15-day"
        data-testid="calendar-grid-cell"
      >
        <div
          class="MuiPaper-root MuiPaper-elevation MuiPaper-rounded MuiPaper-elevation1 css-1d2wso9-MuiPaper-root"
        >
          <div>
            <p
              class="MuiTypography-root MuiTypography-body2 css-e784if-MuiTypography-root"
            >
              13
            </p>
            <ul
              class="MuiList-root MuiList-padding MuiList-dense css-1avjo2e-MuiList-root"
            >
              <div
                class="MuiListItemButton-root MuiListItemButton-dense MuiListItemButton-gutters MuiButtonBase-root css-vpapd3-MuiButtonBase-root-MuiListItemButton-root"
                data-testid="calendar-add-reminder-button"
                role="button"
                tabindex="0"
                title="Add Reminder"
              >
                <div
                  class="MuiListItemText-root MuiListItemText-dense css-tlelie-MuiListItemText-root"
                >
                  <span
                    class="MuiTypography-root MuiTypography-body2 MuiListItemText-primary css-et1ao3-MuiTypography-root"
                  >
                    ➕
                  </span>
                </div>
                <span
                  class="MuiTouchRipple-root css-8je8zh-MuiTouchRipple-root"
                />
              </div>
            </ul>
          </div>
        </div>
      </div>
      <div
        class="MuiGrid-root MuiGrid-item css-nz5hsm-MuiGrid-root"
        data-key="16-day"
        data-testid="calendar-grid-cell"
      >
        <div
          class="MuiPaper-root MuiPaper-elevation MuiPaper-rounded MuiPaper-elevation1 css-1d2wso9-MuiPaper-root"
        >
          <div>
            <p
              class="MuiTypography-root MuiTypography-body2 css-e784if-MuiTypography-root"
            >
              14
            </p>
            <ul
              class="MuiList-root MuiList-padding MuiList-dense css-1avjo2e-MuiList-root"
            >
              <div
                class="MuiListItemButton-root MuiListItemButton-dense MuiListItemButton-gutters MuiButtonBase-root css-vpapd3-MuiButtonBase-root-MuiListItemButton-root"
                data-testid="calendar-add-reminder-button"
                role="button"
                tabindex="0"
                title="Add Reminder"
              >
                <div
                  class="MuiListItemText-root MuiListItemText-dense css-tlelie-MuiListItemText-root"
                >
                  <span
                    class="MuiTypography-root MuiTypography-body2 MuiListItemText-primary css-et1ao3-MuiTypography-root"
                  >
                    ➕
                  </span>
                </div>
                <span
                  class="MuiTouchRipple-root css-8je8zh-MuiTouchRipple-root"
                />
              </div>
            </ul>
          </div>
        </div>
      </div>
      <div
        class="MuiGrid-root MuiGrid-item css-nz5hsm-MuiGrid-root"
        data-key="17-day"
        data-testid="calendar-grid-cell"
      >
        <div
          class="MuiPaper-root MuiPaper-elevation MuiPaper-rounded MuiPaper-elevation1 css-1d2wso9-MuiPaper-root"
        >
          <div>
            <p
              class="MuiTypography-root MuiTypography-body2 css-e784if-MuiTypography-root"
            >
              15
            </p>
            <ul
              class="MuiList-root MuiList-padding MuiList-dense css-1avjo2e-MuiList-root"
            >
              <div
                class="MuiListItemButton-root MuiListItemButton-dense MuiListItemButton-gutters MuiButtonBase-root css-vpapd3-MuiButtonBase-root-MuiListItemButton-root"
                data-testid="calendar-add-reminder-button"
                role="button"
                tabindex="0"
                title="Add Reminder"
              >
                <div
                  class="MuiListItemText-root MuiListItemText-dense css-tlelie-MuiListItemText-root"
                >
                  <span
                    class="MuiTypography-root MuiTypography-body2 MuiListItemText-primary css-et1ao3-MuiTypography-root"
                  >
                    ➕
                  </span>
                </div>
                <span
                  class="MuiTouchRipple-root css-8je8zh-MuiTouchRipple-root"
                />
              </div>
            </ul>
          </div>
        </div>
      </div>
      <div
        class="MuiGrid-root MuiGrid-item css-nz5hsm-MuiGrid-root"
        data-key="18-day"
        data-testid="calendar-grid-cell"
      >
        <div
          class="MuiPaper-root MuiPaper-elevation MuiPaper-rounded MuiPaper-elevation1 css-1d2wso9-MuiPaper-root"
        >
          <div>
            <p
              class="MuiTypography-root MuiTypography-body2 css-e784if-MuiTypography-root"
            >
              16
            </p>
            <ul
              class="MuiList-root MuiList-padding MuiList-dense css-1avjo2e-MuiList-root"
            >
              <div
                class="MuiListItemButton-root MuiListItemButton-dense MuiListItemButton-gutters MuiButtonBase-root css-vpapd3-MuiButtonBase-root-MuiListItemButton-root"
                data-testid="calendar-add-reminder-button"
                role="button"
                tabindex="0"
                title="Add Reminder"
              >
                <div
                  class="MuiListItemText-root MuiListItemText-dense css-tlelie-MuiListItemText-root"
                >
                  <span
                    class="MuiTypography-root MuiTypography-body2 MuiListItemText-primary css-et1ao3-MuiTypography-root"
                  >
                    ➕
                  </span>
                </div>
                <span
                  class="MuiTouchRipple-root css-8je8zh-MuiTouchRipple-root"
                />
              </div>
            </ul>
          </div>
        </div>
      </div>
      <div
        class="MuiGrid-root MuiGrid-item css-nz5hsm-MuiGrid-root"
        data-key="19-day"
        data-testid="calendar-grid-cell"
      >
        <div
          class="MuiPaper-root MuiPaper-elevation MuiPaper-rounded MuiPaper-elevation1 css-1d2wso9-MuiPaper-root"
        >
          <div>
            <p
              class="MuiTypography-root MuiTypography-body2 css-e784if-MuiTypography-root"
            >
              17
            </p>
            <ul
              class="MuiList-root MuiList-padding MuiList-dense css-1avjo2e-MuiList-root"
            >
              <div
                class="MuiListItemButton-root MuiListItemButton-dense MuiListItemButton-gutters MuiButtonBase-root css-vpapd3-MuiButtonBase-root-MuiListItemButton-root"
                data-testid="calendar-add-reminder-button"
                role="button"
                tabindex="0"
                title="Add Reminder"
              >
                <div
                  class="MuiListItemText-root MuiListItemText-dense css-tlelie-MuiListItemText-root"
                >
                  <span
                    class="MuiTypography-root MuiTypography-body2 MuiListItemText-primary css-et1ao3-MuiTypography-root"
                  >
                    ➕
                  </span>
                </div>
                <span
                  class="MuiTouchRipple-root css-8je8zh-MuiTouchRipple-root"
                />
              </div>
            </ul>
          </div>
        </div>
      </div>
      <div
        class="MuiGrid-root MuiGrid-item css-1vcwgot-MuiGrid-root"
        data-key="20-day"
        data-testid="calendar-grid-cell"
      >
        <div
          class="MuiPaper-root MuiPaper-elevation MuiPaper-rounded MuiPaper-elevation1 css-1d2wso9-MuiPaper-root"
        >
          <div>
            <p
              class="MuiTypography-root MuiTypography-body2 css-e784if-MuiTypography-root"
            >
              18
            </p>
            <ul
              class="MuiList-root MuiList-padding MuiList-dense css-1avjo2e-MuiList-root"
            >
              <div
                class="MuiListItemButton-root MuiListItemButton-dense MuiListItemButton-gutters MuiButtonBase-root css-vpapd3-MuiButtonBase-root-MuiListItemButton-root"
                data-testid="calendar-add-reminder-button"
                role="button"
                tabindex="0"
                title="Add Reminder"
              >
                <div
                  class="MuiListItemText-root MuiListItemText-dense css-tlelie-MuiListItemText-root"
                >
                  <span
                    class="MuiTypography-root MuiTypography-body2 MuiListItemText-primary css-et1ao3-MuiTypography-root"
                  >
                    ➕
                  </span>
                </div>
                <span
                  class="MuiTouchRipple-root css-8je8zh-MuiTouchRipple-root"
                />
              </div>
            </ul>
          </div>
        </div>
      </div>
      <div
        class="MuiGrid-root MuiGrid-item css-1vcwgot-MuiGrid-root"
        data-key="21-day"
        data-testid="calendar-grid-cell"
      >
        <div
          class="MuiPaper-root MuiPaper-elevation MuiPaper-rounded MuiPaper-elevation1 css-1d2wso9-MuiPaper-root"
        >
          <div>
            <p
              class="MuiTypography-root MuiTypography-body2 css-e784if-MuiTypography-root"
            >
              19
            </p>
            <ul
              class="MuiList-root MuiList-padding MuiList-dense css-1avjo2e-MuiList-root"
            >
              <div
                class="MuiListItemButton-root MuiListItemButton-dense MuiListItemButton-gutters MuiButtonBase-root css-vpapd3-MuiButtonBase-root-MuiListItemButton-root"
                data-testid="calendar-add-reminder-button"
                role="button"
                tabindex="0"
                title="Add Reminder"
              >
                <div
                  class="MuiListItemText-root MuiListItemText-dense css-tlelie-MuiListItemText-root"
                >
                  <span
                    class="MuiTypography-root MuiTypography-body2 MuiListItemText-primary css-et1ao3-MuiTypography-root"
                  >
                    ➕
                  </span>
                </div>
                <span
                  class="MuiTouchRipple-root css-8je8zh-MuiTouchRipple-root"
                />
              </div>
            </ul>
          </div>
        </div>
      </div>
      <div
        class="MuiGrid-root MuiGrid-item css-nz5hsm-MuiGrid-root"
        data-key="22-day"
        data-testid="calendar-grid-cell"
      >
        <div
          class="MuiPaper-root MuiPaper-elevation MuiPaper-rounded MuiPaper-elevation1 css-1d2wso9-MuiPaper-root"
        >
          <div>
            <p
              class="MuiTypography-root MuiTypography-body2 css-e784if-MuiTypography-root"
            >
              20
            </p>
            <ul
              class="MuiList-root MuiList-padding MuiList-dense css-1avjo2e-MuiList-root"
            >
              <div
                class="MuiListItemButton-root MuiListItemButton-dense MuiListItemButton-gutters MuiButtonBase-root css-vpapd3-MuiButtonBase-root-MuiListItemButton-root"
                data-testid="calendar-add-reminder-button"
                role="button"
                tabindex="0"
                title="Add Reminder"
              >
                <div
                  class="MuiListItemText-root MuiListItemText-dense css-tlelie-MuiListItemText-root"
                >
                  <span
                    class="MuiTypography-root MuiTypography-body2 MuiListItemText-primary css-et1ao3-MuiTypography-root"
                  >
                    ➕
                  </span>
                </div>
                <span
                  class="MuiTouchRipple-root css-8je8zh-MuiTouchRipple-root"
                />
              </div>
            </ul>
          </div>
        </div>
      </div>
      <div
        class="MuiGrid-root MuiGrid-item css-nz5hsm-MuiGrid-root"
        data-key="23-day"
        data-testid="calendar-grid-cell"
      >
        <div
          class="MuiPaper-root MuiPaper-elevation MuiPaper-rounded MuiPaper-elevation1 css-1d2wso9-MuiPaper-root"
        >
          <div>
            <p
              class="MuiTypography-root MuiTypography-body2 css-e784if-MuiTypography-root"
            >
              21
            </p>
            <ul
              class="MuiList-root MuiList-padding MuiList-dense css-1avjo2e-MuiList-root"
            >
              <div
                class="MuiListItemButton-root MuiListItemButton-dense MuiListItemButton-gutters MuiButtonBase-root css-vpapd3-MuiButtonBase-root-MuiListItemButton-root"
                data-testid="calendar-add-reminder-button"
                role="button"
                tabindex="0"
                title="Add Reminder"
              >
                <div
                  class="MuiListItemText-root MuiListItemText-dense css-tlelie-MuiListItemText-root"
                >
                  <span
                    class="MuiTypography-root MuiTypography-body2 MuiListItemText-primary css-et1ao3-MuiTypography-root"
                  >
                    ➕
                  </span>
                </div>
                <span
                  class="MuiTouchRipple-root css-8je8zh-MuiTouchRipple-root"
                />
              </div>
            </ul>
          </div>
        </div>
      </div>
      <div
        class="MuiGrid-root MuiGrid-item css-nz5hsm-MuiGrid-root"
        data-key="24-day"
        data-testid="calendar-grid-cell"
      >
        <div
          class="MuiPaper-root MuiPaper-elevation MuiPaper-rounded MuiPaper-elevation1 css-1d2wso9-MuiPaper-root"
        >
          <div>
            <p
              class="MuiTypography-root MuiTypography-body2 css-e784if-MuiTypography-root"
            >
              22
            </p>
            <ul
              class="MuiList-root MuiList-padding MuiList-dense css-1avjo2e-MuiList-root"
            >
              <div
                class="MuiListItemButton-root MuiListItemButton-dense MuiListItemButton-gutters MuiButtonBase-root css-vpapd3-MuiButtonBase-root-MuiListItemButton-root"
                data-testid="calendar-add-reminder-button"
                role="button"
                tabindex="0"
                title="Add Reminder"
              >
                <div
                  class="MuiListItemText-root MuiListItemText-dense css-tlelie-MuiListItemText-root"
                >
                  <span
                    class="MuiTypography-root MuiTypography-body2 MuiListItemText-primary css-et1ao3-MuiTypography-root"
                  >
                    ➕
                  </span>
                </div>
                <span
                  class="MuiTouchRipple-root css-8je8zh-MuiTouchRipple-root"
                />
              </div>
            </ul>
          </div>
        </div>
      </div>
      <div
        class="MuiGrid-root MuiGrid-item css-nz5hsm-MuiGrid-root"
        data-key="25-day"
        data-testid="calendar-grid-cell"
      >
        <div
          class="MuiPaper-root MuiPaper-elevation MuiPaper-rounded MuiPaper-elevation1 css-1d2wso9-MuiPaper-root"
        >
          <div>
            <p
              class="MuiTypography-root MuiTypography-body2 css-e784if-MuiTypography-root"
            >
              23
            </p>
            <ul
              class="MuiList-root MuiList-padding MuiList-dense css-1avjo2e-MuiList-root"
            >
              <div
                class="MuiListItemButton-root MuiListItemButton-dense MuiListItemButton-gutters MuiButtonBase-root css-vpapd3-MuiButtonBase-root-MuiListItemButton-root"
                data-testid="calendar-add-reminder-button"
                role="button"
                tabindex="0"
                title="Add Reminder"
              >
                <div
                  class="MuiListItemText-root MuiListItemText-dense css-tlelie-MuiListItemText-root"
                >
                  <span
                    class="MuiTypography-root MuiTypography-body2 MuiListItemText-primary css-et1ao3-MuiTypography-root"
                  >
                    ➕
                  </span>
                </div>
                <span
                  class="MuiTouchRipple-root css-8je8zh-MuiTouchRipple-root"
                />
              </div>
            </ul>
          </div>
        </div>
      </div>
      <div
        class="MuiGrid-root MuiGrid-item css-nz5hsm-MuiGrid-root"
        data-key="26-day"
        data-testid="calendar-grid-cell"
      >
        <div
          class="MuiPaper-root MuiPaper-elevation MuiPaper-rounded MuiPaper-elevation1 css-1d2wso9-MuiPaper-root"
        >
          <div>
            <p
              class="MuiTypography-root MuiTypography-body2 css-e784if-MuiTypography-root"
            >
              24
            </p>
            <ul
              class="MuiList-root MuiList-padding MuiList-dense css-1avjo2e-MuiList-root"
            >
              <div
                class="MuiListItemButton-root MuiListItemButton-dense MuiListItemButton-gutters MuiButtonBase-root css-vpapd3-MuiButtonBase-root-MuiListItemButton-root"
                data-testid="calendar-add-reminder-button"
                role="button"
                tabindex="0"
                title="Add Reminder"
              >
                <div
                  class="MuiListItemText-root MuiListItemText-dense css-tlelie-MuiListItemText-root"
                >
                  <span
                    class="MuiTypography-root MuiTypography-body2 MuiListItemText-primary css-et1ao3-MuiTypography-root"
                  >
                    ➕
                  </span>
                </div>
                <span
                  class="MuiTouchRipple-root css-8je8zh-MuiTouchRipple-root"
                />
              </div>
            </ul>
          </div>
        </div>
      </div>
      <div
        class="MuiGrid-root MuiGrid-item css-1vcwgot-MuiGrid-root"
        data-key="27-day"
        data-testid="calendar-grid-cell"
      >
        <div
          class="MuiPaper-root MuiPaper-elevation MuiPaper-rounded MuiPaper-elevation1 css-1d2wso9-MuiPaper-root"
        >
          <div>
            <p
              class="MuiTypography-root MuiTypography-body2 css-e784if-MuiTypography-root"
            >
              25
            </p>
            <ul
              class="MuiList-root MuiList-padding MuiList-dense css-1avjo2e-MuiList-root"
            >
              <div
                class="MuiListItemButton-root MuiListItemButton-dense MuiListItemButton-gutters MuiButtonBase-root css-vpapd3-MuiButtonBase-root-MuiListItemButton-root"
                data-testid="calendar-add-reminder-button"
                role="button"
                tabindex="0"
                title="Add Reminder"
              >
                <div
                  class="MuiListItemText-root MuiListItemText-dense css-tlelie-MuiListItemText-root"
                >
                  <span
                    class="MuiTypography-root MuiTypography-body2 MuiListItemText-primary css-et1ao3-MuiTypography-root"
                  >
                    ➕
                  </span>
                </div>
                <span
                  class="MuiTouchRipple-root css-8je8zh-MuiTouchRipple-root"
                />
              </div>
            </ul>
          </div>
        </div>
      </div>
      <div
        class="MuiGrid-root MuiGrid-item css-1vcwgot-MuiGrid-root"
        data-key="28-day"
        data-testid="calendar-grid-cell"
      >
        <div
          class="MuiPaper-root MuiPaper-elevation MuiPaper-rounded MuiPaper-elevation1 css-1d2wso9-MuiPaper-root"
        >
          <div>
            <p
              class="MuiTypography-root MuiTypography-body2 css-e784if-MuiTypography-root"
            >
              26
            </p>
            <ul
              class="MuiList-root MuiList-padding MuiList-dense css-1avjo2e-MuiList-root"
            >
              <div
                class="MuiListItemButton-root MuiListItemButton-dense MuiListItemButton-gutters MuiButtonBase-root css-vpapd3-MuiButtonBase-root-MuiListItemButton-root"
                data-testid="calendar-add-reminder-button"
                role="button"
                tabindex="0"
                title="Add Reminder"
              >
                <div
                  class="MuiListItemText-root MuiListItemText-dense css-tlelie-MuiListItemText-root"
                >
                  <span
                    class="MuiTypography-root MuiTypography-body2 MuiListItemText-primary css-et1ao3-MuiTypography-root"
                  >
                    ➕
                  </span>
                </div>
                <span
                  class="MuiTouchRipple-root css-8je8zh-MuiTouchRipple-root"
                />
              </div>
            </ul>
          </div>
        </div>
      </div>
      <div
        class="MuiGrid-root MuiGrid-item css-nz5hsm-MuiGrid-root"
        data-key="29-day"
        data-testid="calendar-grid-cell"
      >
        <div
          class="MuiPaper-root MuiPaper-elevation MuiPaper-rounded MuiPaper-elevation1 css-1d2wso9-MuiPaper-root"
        >
          <div>
            <p
              class="MuiTypography-root MuiTypography-body2 css-e784if-MuiTypography-root"
            >
              27
            </p>
            <ul
              class="MuiList-root MuiList-padding MuiList-dense css-1avjo2e-MuiList-root"
            >
              <div
                class="MuiListItemButton-root MuiListItemButton-dense MuiListItemButton-gutters MuiButtonBase-root css-vpapd3-MuiButtonBase-root-MuiListItemButton-root"
                data-testid="calendar-add-reminder-button"
                role="button"
                tabindex="0"
                title="Add Reminder"
              >
                <div
                  class="MuiListItemText-root MuiListItemText-dense css-tlelie-MuiListItemText-root"
                >
                  <span
                    class="MuiTypography-root MuiTypography-body2 MuiListItemText-primary css-et1ao3-MuiTypography-root"
                  >
                    ➕
                  </span>
                </div>
                <span
                  class="MuiTouchRipple-root css-8je8zh-MuiTouchRipple-root"
                />
              </div>
            </ul>
          </div>
        </div>
      </div>
      <div
        class="MuiGrid-root MuiGrid-item css-nz5hsm-MuiGrid-root"
        data-key="30-day"
        data-testid="calendar-grid-cell"
      >
        <div
          class="MuiPaper-root MuiPaper-elevation MuiPaper-rounded MuiPaper-elevation1 css-1d2wso9-MuiPaper-root"
        >
          <div>
            <p
              class="MuiTypography-root MuiTypography-body2 css-e784if-MuiTypography-root"
            >
              28
            </p>
            <ul
              class="MuiList-root MuiList-padding MuiList-dense css-1avjo2e-MuiList-root"
            >
              <div
                class="MuiListItemButton-root MuiListItemButton-dense MuiListItemButton-gutters MuiButtonBase-root css-vpapd3-MuiButtonBase-root-MuiListItemButton-root"
                data-testid="calendar-add-reminder-button"
                role="button"
                tabindex="0"
                title="Add Reminder"
              >
                <div
                  class="MuiListItemText-root MuiListItemText-dense css-tlelie-MuiListItemText-root"
                >
                  <span
                    class="MuiTypography-root MuiTypography-body2 MuiListItemText-primary css-et1ao3-MuiTypography-root"
                  >
                    ➕
                  </span>
                </div>
                <span
                  class="MuiTouchRipple-root css-8je8zh-MuiTouchRipple-root"
                />
              </div>
            </ul>
          </div>
        </div>
      </div>
      <div
        class="MuiGrid-root MuiGrid-item css-nz5hsm-MuiGrid-root"
        data-key="31-day"
        data-testid="calendar-grid-cell"
      >
        <div
          class="MuiPaper-root MuiPaper-elevation MuiPaper-rounded MuiPaper-elevation1 css-1d2wso9-MuiPaper-root"
        >
          <div>
            <p
              class="MuiTypography-root MuiTypography-body2 css-e784if-MuiTypography-root"
            >
              29
            </p>
            <ul
              class="MuiList-root MuiList-padding MuiList-dense css-1avjo2e-MuiList-root"
            >
              <div
                class="MuiListItemButton-root MuiListItemButton-dense MuiListItemButton-gutters MuiButtonBase-root css-vpapd3-MuiButtonBase-root-MuiListItemButton-root"
                data-testid="calendar-add-reminder-button"
                role="button"
                tabindex="0"
                title="Add Reminder"
              >
                <div
                  class="MuiListItemText-root MuiListItemText-dense css-tlelie-MuiListItemText-root"
                >
                  <span
                    class="MuiTypography-root MuiTypography-body2 MuiListItemText-primary css-et1ao3-MuiTypography-root"
                  >
                    ➕
                  </span>
                </div>
                <span
                  class="MuiTouchRipple-root css-8je8zh-MuiTouchRipple-root"
                />
              </div>
            </ul>
          </div>
        </div>
      </div>
      <div
        class="MuiGrid-root MuiGrid-item css-nz5hsm-MuiGrid-root"
        data-key="32-day"
        data-testid="calendar-grid-cell"
      >
        <div
          class="MuiPaper-root MuiPaper-elevation MuiPaper-rounded MuiPaper-elevation1 css-1d2wso9-MuiPaper-root"
        >
          <div>
            <p
              class="MuiTypography-root MuiTypography-body2 css-e784if-MuiTypography-root"
            >
              30
            </p>
            <ul
              class="MuiList-root MuiList-padding MuiList-dense css-1avjo2e-MuiList-root"
            >
              <div
                class="MuiListItemButton-root MuiListItemButton-dense MuiListItemButton-gutters MuiButtonBase-root css-vpapd3-MuiButtonBase-root-MuiListItemButton-root"
                data-testid="calendar-add-reminder-button"
                role="button"
                tabindex="0"
                title="Add Reminder"
              >
                <div
                  class="MuiListItemText-root MuiListItemText-dense css-tlelie-MuiListItemText-root"
                >
                  <span
                    class="MuiTypography-root MuiTypography-body2 MuiListItemText-primary css-et1ao3-MuiTypography-root"
                  >
                    ➕
                  </span>
                </div>
                <span
                  class="MuiTouchRipple-root css-8je8zh-MuiTouchRipple-root"
                />
              </div>
            </ul>
          </div>
        </div>
      </div>
      <div
        class="MuiGrid-root MuiGrid-item css-nz5hsm-MuiGrid-root"
        data-key="33-day"
        data-testid="calendar-grid-cell"
      >
        <div
          class="MuiPaper-root MuiPaper-elevation MuiPaper-rounded MuiPaper-elevation1 css-1d2wso9-MuiPaper-root"
        >
          <div>
            <p
              class="MuiTypography-root MuiTypography-body2 css-e784if-MuiTypography-root"
            >
              31
            </p>
            <ul
              class="MuiList-root MuiList-padding MuiList-dense css-1avjo2e-MuiList-root"
            >
              <div
                class="MuiListItemButton-root MuiListItemButton-dense MuiListItemButton-gutters MuiButtonBase-root css-vpapd3-MuiButtonBase-root-MuiListItemButton-root"
                data-testid="calendar-add-reminder-button"
                role="button"
                tabindex="0"
                title="Add Reminder"
              >
                <div
                  class="MuiListItemText-root MuiListItemText-dense css-tlelie-MuiListItemText-root"
                >
                  <span
                    class="MuiTypography-root MuiTypography-body2 MuiListItemText-primary css-et1ao3-MuiTypography-root"
                  >
                    ➕
                  </span>
                </div>
                <span
                  class="MuiTouchRipple-root css-8je8zh-MuiTouchRipple-root"
                />
              </div>
            </ul>
          </div>
        </div>
      </div>
      <div
        class="MuiGrid-root MuiGrid-item css-gb5jgv-MuiGrid-root"
        data-key="34-blank"
        data-testid="calendar-grid-cell"
      >
        <div
          class="MuiPaper-root MuiPaper-elevation MuiPaper-rounded MuiPaper-elevation1 css-1d2wso9-MuiPaper-root"
        />
      </div>
    </div>
  </div>
</DocumentFragment>
`;
